ARM GAS  C:\Users\Admin\AppData\Local\Temp\cca4jEhF.s 			page 1


   1              		.cpu cortex-m0
   2              		.fpu softvfp
   3              		.eabi_attribute 20, 1
   4              		.eabi_attribute 21, 1
   5              		.eabi_attribute 23, 3
   6              		.eabi_attribute 24, 1
   7              		.eabi_attribute 25, 1
   8              		.eabi_attribute 26, 1
   9              		.eabi_attribute 30, 1
  10              		.eabi_attribute 34, 0
  11              		.eabi_attribute 18, 4
  12              		.code	16
  13              		.file	"cyfitter_cfg.c"
  14              		.text
  15              	.Ltext0:
  16              		.cfi_sections	.debug_frame
  17              		.section	.text.CYMEMZERO,"ax",%progbits
  18              		.align	2
  19              		.code	16
  20              		.thumb_func
  21              		.type	CYMEMZERO, %function
  22              	CYMEMZERO:
  23              	.LFB0:
  24              		.file 1 ".\\Generated_Source\\PSoC4\\cyfitter_cfg.c"
   1:.\Generated_Source\PSoC4/cyfitter_cfg.c **** /*******************************************************************************
   2:.\Generated_Source\PSoC4/cyfitter_cfg.c **** * FILENAME: cyfitter_cfg.c
   3:.\Generated_Source\PSoC4/cyfitter_cfg.c **** * 
   4:.\Generated_Source\PSoC4/cyfitter_cfg.c **** * PSoC Creator  3.2
   5:.\Generated_Source\PSoC4/cyfitter_cfg.c **** *
   6:.\Generated_Source\PSoC4/cyfitter_cfg.c **** * DESCRIPTION:
   7:.\Generated_Source\PSoC4/cyfitter_cfg.c **** * This file contains device initialization code.
   8:.\Generated_Source\PSoC4/cyfitter_cfg.c **** * Except for the user defined sections in CyClockStartupError(), this file should not be modified.
   9:.\Generated_Source\PSoC4/cyfitter_cfg.c **** * This file is automatically generated by PSoC Creator.
  10:.\Generated_Source\PSoC4/cyfitter_cfg.c **** *
  11:.\Generated_Source\PSoC4/cyfitter_cfg.c **** ********************************************************************************
  12:.\Generated_Source\PSoC4/cyfitter_cfg.c **** * Copyright (c) 2007-2015 Cypress Semiconductor.  All rights reserved.
  13:.\Generated_Source\PSoC4/cyfitter_cfg.c **** * You may use this file only in accordance with the license, terms, conditions, 
  14:.\Generated_Source\PSoC4/cyfitter_cfg.c **** * disclaimers, and limitations in the end user license agreement accompanying 
  15:.\Generated_Source\PSoC4/cyfitter_cfg.c **** * the software package with which this file was provided.
  16:.\Generated_Source\PSoC4/cyfitter_cfg.c **** ********************************************************************************/
  17:.\Generated_Source\PSoC4/cyfitter_cfg.c **** 
  18:.\Generated_Source\PSoC4/cyfitter_cfg.c **** #include <string.h>
  19:.\Generated_Source\PSoC4/cyfitter_cfg.c **** #include "cytypes.h"
  20:.\Generated_Source\PSoC4/cyfitter_cfg.c **** #include "cydevice_trm.h"
  21:.\Generated_Source\PSoC4/cyfitter_cfg.c **** #include "cyfitter.h"
  22:.\Generated_Source\PSoC4/cyfitter_cfg.c **** #include "CyLib.h"
  23:.\Generated_Source\PSoC4/cyfitter_cfg.c **** #include "CyLFClk.h"
  24:.\Generated_Source\PSoC4/cyfitter_cfg.c **** #include "cyfitter_cfg.h"
  25:.\Generated_Source\PSoC4/cyfitter_cfg.c **** 
  26:.\Generated_Source\PSoC4/cyfitter_cfg.c **** 
  27:.\Generated_Source\PSoC4/cyfitter_cfg.c **** #if defined(__GNUC__) || defined(__ARMCC_VERSION)
  28:.\Generated_Source\PSoC4/cyfitter_cfg.c ****     #define CYPACKED 
  29:.\Generated_Source\PSoC4/cyfitter_cfg.c ****     #define CYPACKED_ATTR __attribute__ ((packed))
  30:.\Generated_Source\PSoC4/cyfitter_cfg.c ****     #define CYALIGNED __attribute__ ((aligned))
  31:.\Generated_Source\PSoC4/cyfitter_cfg.c ****     #define CY_CFG_UNUSED __attribute__ ((unused))
  32:.\Generated_Source\PSoC4/cyfitter_cfg.c ****     #define CY_CFG_SECTION __attribute__ ((section(".psocinit")))
  33:.\Generated_Source\PSoC4/cyfitter_cfg.c ****     
ARM GAS  C:\Users\Admin\AppData\Local\Temp\cca4jEhF.s 			page 2


  34:.\Generated_Source\PSoC4/cyfitter_cfg.c ****     #if defined(__ARMCC_VERSION)
  35:.\Generated_Source\PSoC4/cyfitter_cfg.c ****         #define CY_CFG_MEMORY_BARRIER() __memory_changed()
  36:.\Generated_Source\PSoC4/cyfitter_cfg.c ****     #else
  37:.\Generated_Source\PSoC4/cyfitter_cfg.c ****         #define CY_CFG_MEMORY_BARRIER() __sync_synchronize()
  38:.\Generated_Source\PSoC4/cyfitter_cfg.c ****     #endif
  39:.\Generated_Source\PSoC4/cyfitter_cfg.c ****     
  40:.\Generated_Source\PSoC4/cyfitter_cfg.c **** #elif defined(__ICCARM__)
  41:.\Generated_Source\PSoC4/cyfitter_cfg.c ****     #include <intrinsics.h>
  42:.\Generated_Source\PSoC4/cyfitter_cfg.c **** 
  43:.\Generated_Source\PSoC4/cyfitter_cfg.c ****     #define CYPACKED __packed
  44:.\Generated_Source\PSoC4/cyfitter_cfg.c ****     #define CYPACKED_ATTR 
  45:.\Generated_Source\PSoC4/cyfitter_cfg.c ****     #define CYALIGNED _Pragma("data_alignment=4")
  46:.\Generated_Source\PSoC4/cyfitter_cfg.c ****     #define CY_CFG_UNUSED _Pragma("diag_suppress=Pe177")
  47:.\Generated_Source\PSoC4/cyfitter_cfg.c ****     #define CY_CFG_SECTION _Pragma("location=\".psocinit\"")
  48:.\Generated_Source\PSoC4/cyfitter_cfg.c ****     
  49:.\Generated_Source\PSoC4/cyfitter_cfg.c ****     #define CY_CFG_MEMORY_BARRIER() __DMB()
  50:.\Generated_Source\PSoC4/cyfitter_cfg.c ****     
  51:.\Generated_Source\PSoC4/cyfitter_cfg.c **** #else
  52:.\Generated_Source\PSoC4/cyfitter_cfg.c ****     #error Unsupported toolchain
  53:.\Generated_Source\PSoC4/cyfitter_cfg.c **** #endif
  54:.\Generated_Source\PSoC4/cyfitter_cfg.c **** 
  55:.\Generated_Source\PSoC4/cyfitter_cfg.c **** 
  56:.\Generated_Source\PSoC4/cyfitter_cfg.c **** CY_CFG_UNUSED
  57:.\Generated_Source\PSoC4/cyfitter_cfg.c **** static void CYMEMZERO(void *s, size_t n);
  58:.\Generated_Source\PSoC4/cyfitter_cfg.c **** CY_CFG_UNUSED
  59:.\Generated_Source\PSoC4/cyfitter_cfg.c **** static void CYMEMZERO(void *s, size_t n)
  60:.\Generated_Source\PSoC4/cyfitter_cfg.c **** {
  25              		.loc 1 60 0
  26              		.cfi_startproc
  27              	.LVL0:
  28 0000 08B5     		push	{r3, lr}
  29              		.cfi_def_cfa_offset 8
  30              		.cfi_offset 3, -8
  31              		.cfi_offset 14, -4
  32 0002 0A1C     		mov	r2, r1
  61:.\Generated_Source\PSoC4/cyfitter_cfg.c **** 	(void)memset(s, 0, n);
  33              		.loc 1 61 0
  34 0004 0021     		mov	r1, #0
  35              	.LVL1:
  36 0006 FFF7FEFF 		bl	memset
  37              	.LVL2:
  62:.\Generated_Source\PSoC4/cyfitter_cfg.c **** }
  38              		.loc 1 62 0
  39              		@ sp needed
  40 000a 08BD     		pop	{r3, pc}
  41              		.cfi_endproc
  42              	.LFE0:
  43              		.size	CYMEMZERO, .-CYMEMZERO
  44              		.section	.psocinit,"ax",%progbits
  45              		.align	2
  46              		.code	16
  47              		.thumb_func
  48              		.type	ClockSetup, %function
  49              	ClockSetup:
  50              	.LFB3:
  63:.\Generated_Source\PSoC4/cyfitter_cfg.c **** CY_CFG_UNUSED
  64:.\Generated_Source\PSoC4/cyfitter_cfg.c **** static void CYCONFIGCPY(void *dest, const void *src, size_t n);
ARM GAS  C:\Users\Admin\AppData\Local\Temp\cca4jEhF.s 			page 3


  65:.\Generated_Source\PSoC4/cyfitter_cfg.c **** CY_CFG_UNUSED
  66:.\Generated_Source\PSoC4/cyfitter_cfg.c **** static void CYCONFIGCPY(void *dest, const void *src, size_t n)
  67:.\Generated_Source\PSoC4/cyfitter_cfg.c **** {
  68:.\Generated_Source\PSoC4/cyfitter_cfg.c **** 	(void)memcpy(dest, src, n);
  69:.\Generated_Source\PSoC4/cyfitter_cfg.c **** }
  70:.\Generated_Source\PSoC4/cyfitter_cfg.c **** CY_CFG_UNUSED
  71:.\Generated_Source\PSoC4/cyfitter_cfg.c **** static void CYCONFIGCPYCODE(void *dest, const void *src, size_t n);
  72:.\Generated_Source\PSoC4/cyfitter_cfg.c **** CY_CFG_UNUSED
  73:.\Generated_Source\PSoC4/cyfitter_cfg.c **** static void CYCONFIGCPYCODE(void *dest, const void *src, size_t n)
  74:.\Generated_Source\PSoC4/cyfitter_cfg.c **** {
  75:.\Generated_Source\PSoC4/cyfitter_cfg.c **** 	(void)memcpy(dest, src, n);
  76:.\Generated_Source\PSoC4/cyfitter_cfg.c **** }
  77:.\Generated_Source\PSoC4/cyfitter_cfg.c **** 
  78:.\Generated_Source\PSoC4/cyfitter_cfg.c **** 
  79:.\Generated_Source\PSoC4/cyfitter_cfg.c **** 
  80:.\Generated_Source\PSoC4/cyfitter_cfg.c **** /* Clock startup error codes                                                   */
  81:.\Generated_Source\PSoC4/cyfitter_cfg.c **** #define CYCLOCKSTART_NO_ERROR    0u
  82:.\Generated_Source\PSoC4/cyfitter_cfg.c **** #define CYCLOCKSTART_XTAL_ERROR  1u
  83:.\Generated_Source\PSoC4/cyfitter_cfg.c **** #define CYCLOCKSTART_32KHZ_ERROR 2u
  84:.\Generated_Source\PSoC4/cyfitter_cfg.c **** #define CYCLOCKSTART_PLL_ERROR   3u
  85:.\Generated_Source\PSoC4/cyfitter_cfg.c **** 
  86:.\Generated_Source\PSoC4/cyfitter_cfg.c **** #ifdef CY_NEED_CYCLOCKSTARTUPERROR
  87:.\Generated_Source\PSoC4/cyfitter_cfg.c **** /*******************************************************************************
  88:.\Generated_Source\PSoC4/cyfitter_cfg.c **** * Function Name: CyClockStartupError
  89:.\Generated_Source\PSoC4/cyfitter_cfg.c **** ********************************************************************************
  90:.\Generated_Source\PSoC4/cyfitter_cfg.c **** * Summary:
  91:.\Generated_Source\PSoC4/cyfitter_cfg.c **** *  If an error is encountered during clock configuration (crystal startup error,
  92:.\Generated_Source\PSoC4/cyfitter_cfg.c **** *  PLL lock error, etc.), the system will end up here.  Unless reimplemented by
  93:.\Generated_Source\PSoC4/cyfitter_cfg.c **** *  the customer, this function will stop in an infinite loop.
  94:.\Generated_Source\PSoC4/cyfitter_cfg.c **** *
  95:.\Generated_Source\PSoC4/cyfitter_cfg.c **** * Parameters:
  96:.\Generated_Source\PSoC4/cyfitter_cfg.c **** *   void
  97:.\Generated_Source\PSoC4/cyfitter_cfg.c **** *
  98:.\Generated_Source\PSoC4/cyfitter_cfg.c **** * Return:
  99:.\Generated_Source\PSoC4/cyfitter_cfg.c **** *   void
 100:.\Generated_Source\PSoC4/cyfitter_cfg.c **** *
 101:.\Generated_Source\PSoC4/cyfitter_cfg.c **** *******************************************************************************/
 102:.\Generated_Source\PSoC4/cyfitter_cfg.c **** CY_CFG_UNUSED
 103:.\Generated_Source\PSoC4/cyfitter_cfg.c **** static void CyClockStartupError(uint8 errorCode);
 104:.\Generated_Source\PSoC4/cyfitter_cfg.c **** CY_CFG_UNUSED
 105:.\Generated_Source\PSoC4/cyfitter_cfg.c **** static void CyClockStartupError(uint8 errorCode)
 106:.\Generated_Source\PSoC4/cyfitter_cfg.c **** {
 107:.\Generated_Source\PSoC4/cyfitter_cfg.c ****     /* To remove the compiler warning if errorCode not used.                */
 108:.\Generated_Source\PSoC4/cyfitter_cfg.c ****     errorCode = errorCode;
 109:.\Generated_Source\PSoC4/cyfitter_cfg.c **** 
 110:.\Generated_Source\PSoC4/cyfitter_cfg.c ****     /* `#START CyClockStartupError` */
 111:.\Generated_Source\PSoC4/cyfitter_cfg.c **** 
 112:.\Generated_Source\PSoC4/cyfitter_cfg.c ****     /* If we have a clock startup error (bad MHz crystal, PLL lock, etc.),  */
 113:.\Generated_Source\PSoC4/cyfitter_cfg.c ****     /* we will end up here to allow the customer to implement something to  */
 114:.\Generated_Source\PSoC4/cyfitter_cfg.c ****     /* deal with the clock condition.                                       */
 115:.\Generated_Source\PSoC4/cyfitter_cfg.c **** 
 116:.\Generated_Source\PSoC4/cyfitter_cfg.c ****     /* `#END` */
 117:.\Generated_Source\PSoC4/cyfitter_cfg.c **** 
 118:.\Generated_Source\PSoC4/cyfitter_cfg.c ****     /* If nothing else, stop here since the clocks have not started         */
 119:.\Generated_Source\PSoC4/cyfitter_cfg.c ****     /* correctly.                                                           */
 120:.\Generated_Source\PSoC4/cyfitter_cfg.c ****     while(1) {}
 121:.\Generated_Source\PSoC4/cyfitter_cfg.c **** }
ARM GAS  C:\Users\Admin\AppData\Local\Temp\cca4jEhF.s 			page 4


 122:.\Generated_Source\PSoC4/cyfitter_cfg.c **** #endif
 123:.\Generated_Source\PSoC4/cyfitter_cfg.c **** 
 124:.\Generated_Source\PSoC4/cyfitter_cfg.c **** 
 125:.\Generated_Source\PSoC4/cyfitter_cfg.c **** 
 126:.\Generated_Source\PSoC4/cyfitter_cfg.c **** /*******************************************************************************
 127:.\Generated_Source\PSoC4/cyfitter_cfg.c **** * Function Name: ClockSetup
 128:.\Generated_Source\PSoC4/cyfitter_cfg.c **** ********************************************************************************
 129:.\Generated_Source\PSoC4/cyfitter_cfg.c **** *
 130:.\Generated_Source\PSoC4/cyfitter_cfg.c **** * Summary:
 131:.\Generated_Source\PSoC4/cyfitter_cfg.c **** *   Performs the initialization of all of the clocks in the device based on the
 132:.\Generated_Source\PSoC4/cyfitter_cfg.c **** *   settings in the Clock tab of the DWR.  This includes enabling the requested
 133:.\Generated_Source\PSoC4/cyfitter_cfg.c **** *   clocks and setting the necessary dividers to produce the desired frequency. 
 134:.\Generated_Source\PSoC4/cyfitter_cfg.c **** *
 135:.\Generated_Source\PSoC4/cyfitter_cfg.c **** * Parameters:
 136:.\Generated_Source\PSoC4/cyfitter_cfg.c **** *   void
 137:.\Generated_Source\PSoC4/cyfitter_cfg.c **** *
 138:.\Generated_Source\PSoC4/cyfitter_cfg.c **** * Return:
 139:.\Generated_Source\PSoC4/cyfitter_cfg.c **** *   void
 140:.\Generated_Source\PSoC4/cyfitter_cfg.c **** *
 141:.\Generated_Source\PSoC4/cyfitter_cfg.c **** *******************************************************************************/
 142:.\Generated_Source\PSoC4/cyfitter_cfg.c **** static void ClockSetup(void);
 143:.\Generated_Source\PSoC4/cyfitter_cfg.c **** CY_CFG_SECTION
 144:.\Generated_Source\PSoC4/cyfitter_cfg.c **** static void ClockSetup(void)
 145:.\Generated_Source\PSoC4/cyfitter_cfg.c **** {
  51              		.loc 1 145 0
  52              		.cfi_startproc
  53 0000 10B5     		push	{r4, lr}
  54              		.cfi_def_cfa_offset 8
  55              		.cfi_offset 4, -8
  56              		.cfi_offset 14, -4
 146:.\Generated_Source\PSoC4/cyfitter_cfg.c **** 	/* Enable HALF_EN before trimming for the flash accelerator. */
 147:.\Generated_Source\PSoC4/cyfitter_cfg.c **** 	CY_SET_REG32((void CYXDATA *)(CYREG_CLK_SELECT), (CY_GET_REG32((void *)CYREG_CLK_SELECT) | 0x00040
  57              		.loc 1 147 0
  58 0002 0F4C     		ldr	r4, .L3
  59 0004 2268     		ldr	r2, [r4]
  60 0006 8023     		mov	r3, #128
  61 0008 DB02     		lsl	r3, r3, #11
  62 000a 1343     		orr	r3, r2
  63 000c 2360     		str	r3, [r4]
 148:.\Generated_Source\PSoC4/cyfitter_cfg.c **** 
 149:.\Generated_Source\PSoC4/cyfitter_cfg.c **** 	/* Setup and trim IMO based on desired frequency. */
 150:.\Generated_Source\PSoC4/cyfitter_cfg.c **** 	CySysClkWriteImoFreq(24u);
  64              		.loc 1 150 0
  65 000e 1820     		mov	r0, #24
  66 0010 FFF7FEFF 		bl	CySysClkWriteImoFreq
  67              	.LVL3:
 151:.\Generated_Source\PSoC4/cyfitter_cfg.c **** 
 152:.\Generated_Source\PSoC4/cyfitter_cfg.c **** 	/* Disable HALF_EN since it is not required at this IMO frequency. */
 153:.\Generated_Source\PSoC4/cyfitter_cfg.c **** 	CY_SET_REG32((void CYXDATA *)(CYREG_CLK_SELECT), (CY_GET_REG32((void *)CYREG_CLK_SELECT) & 0xFFFBF
  68              		.loc 1 153 0
  69 0014 2268     		ldr	r2, [r4]
  70 0016 0B4B     		ldr	r3, .L3+4
  71 0018 1340     		and	r3, r2
  72 001a 2360     		str	r3, [r4]
 154:.\Generated_Source\PSoC4/cyfitter_cfg.c **** 	/* CYDEV_CLK_ILO_CONFIG Starting address: CYDEV_CLK_ILO_CONFIG */
 155:.\Generated_Source\PSoC4/cyfitter_cfg.c **** 	CY_SET_XTND_REG32((void CYFAR *)(CYREG_CLK_ILO_CONFIG), 0x80000006u);
  73              		.loc 1 155 0
ARM GAS  C:\Users\Admin\AppData\Local\Temp\cca4jEhF.s 			page 5


  74 001c 0A4A     		ldr	r2, .L3+8
  75 001e 0B4B     		ldr	r3, .L3+12
  76 0020 1A60     		str	r2, [r3]
 156:.\Generated_Source\PSoC4/cyfitter_cfg.c **** 
 157:.\Generated_Source\PSoC4/cyfitter_cfg.c **** 
 158:.\Generated_Source\PSoC4/cyfitter_cfg.c **** 	/* CYDEV_CLK_IMO_CONFIG Starting address: CYDEV_CLK_IMO_CONFIG */
 159:.\Generated_Source\PSoC4/cyfitter_cfg.c **** 	CY_SET_XTND_REG32((void CYFAR *)(CYREG_CLK_IMO_CONFIG), 0x80000000u);
  77              		.loc 1 159 0
  78 0022 8022     		mov	r2, #128
  79 0024 1206     		lsl	r2, r2, #24
  80 0026 0A4B     		ldr	r3, .L3+16
  81 0028 1A60     		str	r2, [r3]
 160:.\Generated_Source\PSoC4/cyfitter_cfg.c **** 
 161:.\Generated_Source\PSoC4/cyfitter_cfg.c **** 	(void)CyIntSetVector(9u, &CySysWdtIsr);
  82              		.loc 1 161 0
  83 002a 0920     		mov	r0, #9
  84 002c 0949     		ldr	r1, .L3+20
  85 002e FFF7FEFF 		bl	CyIntSetVector
  86              	.LVL4:
 162:.\Generated_Source\PSoC4/cyfitter_cfg.c **** 	CyIntEnable(9u);
  87              		.loc 1 162 0
  88 0032 0920     		mov	r0, #9
  89 0034 FFF7FEFF 		bl	CyIntEnable
  90              	.LVL5:
 163:.\Generated_Source\PSoC4/cyfitter_cfg.c **** 	CY_SET_XTND_REG32((void CYFAR *)(CYREG_WDT_CONFIG), 0x00000000u);
  91              		.loc 1 163 0
  92 0038 0022     		mov	r2, #0
  93 003a 074B     		ldr	r3, .L3+24
  94 003c 1A60     		str	r2, [r3]
 164:.\Generated_Source\PSoC4/cyfitter_cfg.c **** }
  95              		.loc 1 164 0
  96              		@ sp needed
  97 003e 10BD     		pop	{r4, pc}
  98              	.L4:
  99              		.align	2
 100              	.L3:
 101 0040 00010B40 		.word	1074462976
 102 0044 FFFFFBFF 		.word	-262145
 103 0048 06000080 		.word	-2147483642
 104 004c 04010B40 		.word	1074462980
 105 0050 08010B40 		.word	1074462984
 106 0054 00000000 		.word	CySysWdtIsr
 107 0058 0C020B40 		.word	1074463244
 108              		.cfi_endproc
 109              	.LFE3:
 110              		.size	ClockSetup, .-ClockSetup
 111              		.align	2
 112              		.global	cyfitter_cfg
 113              		.code	16
 114              		.thumb_func
 115              		.type	cyfitter_cfg, %function
 116              	cyfitter_cfg:
 117              	.LFB5:
 165:.\Generated_Source\PSoC4/cyfitter_cfg.c **** 
 166:.\Generated_Source\PSoC4/cyfitter_cfg.c **** 
 167:.\Generated_Source\PSoC4/cyfitter_cfg.c **** /* Analog API Functions */
 168:.\Generated_Source\PSoC4/cyfitter_cfg.c **** 
ARM GAS  C:\Users\Admin\AppData\Local\Temp\cca4jEhF.s 			page 6


 169:.\Generated_Source\PSoC4/cyfitter_cfg.c **** 
 170:.\Generated_Source\PSoC4/cyfitter_cfg.c **** /*******************************************************************************
 171:.\Generated_Source\PSoC4/cyfitter_cfg.c **** * Function Name: AnalogSetDefault
 172:.\Generated_Source\PSoC4/cyfitter_cfg.c **** ********************************************************************************
 173:.\Generated_Source\PSoC4/cyfitter_cfg.c **** *
 174:.\Generated_Source\PSoC4/cyfitter_cfg.c **** * Summary:
 175:.\Generated_Source\PSoC4/cyfitter_cfg.c **** *  Sets up the analog portions of the chip to default values based on chip
 176:.\Generated_Source\PSoC4/cyfitter_cfg.c **** *  configuration options from the project.
 177:.\Generated_Source\PSoC4/cyfitter_cfg.c **** *
 178:.\Generated_Source\PSoC4/cyfitter_cfg.c **** * Parameters:
 179:.\Generated_Source\PSoC4/cyfitter_cfg.c **** *  void
 180:.\Generated_Source\PSoC4/cyfitter_cfg.c **** *
 181:.\Generated_Source\PSoC4/cyfitter_cfg.c **** * Return:
 182:.\Generated_Source\PSoC4/cyfitter_cfg.c **** *  void
 183:.\Generated_Source\PSoC4/cyfitter_cfg.c **** *
 184:.\Generated_Source\PSoC4/cyfitter_cfg.c **** *******************************************************************************/
 185:.\Generated_Source\PSoC4/cyfitter_cfg.c **** static void AnalogSetDefault(void);
 186:.\Generated_Source\PSoC4/cyfitter_cfg.c **** static void AnalogSetDefault(void)
 187:.\Generated_Source\PSoC4/cyfitter_cfg.c **** {
 188:.\Generated_Source\PSoC4/cyfitter_cfg.c **** }
 189:.\Generated_Source\PSoC4/cyfitter_cfg.c **** 
 190:.\Generated_Source\PSoC4/cyfitter_cfg.c **** #define CY_AMUX_UNUSED CYREG_CM0_ROM_DWT
 191:.\Generated_Source\PSoC4/cyfitter_cfg.c **** 
 192:.\Generated_Source\PSoC4/cyfitter_cfg.c **** 
 193:.\Generated_Source\PSoC4/cyfitter_cfg.c **** /*******************************************************************************
 194:.\Generated_Source\PSoC4/cyfitter_cfg.c **** * Function Name: cyfitter_cfg
 195:.\Generated_Source\PSoC4/cyfitter_cfg.c **** ********************************************************************************
 196:.\Generated_Source\PSoC4/cyfitter_cfg.c **** * Summary:
 197:.\Generated_Source\PSoC4/cyfitter_cfg.c **** *  This function is called by the start-up code for the selected device. It
 198:.\Generated_Source\PSoC4/cyfitter_cfg.c **** *  performs all of the necessary device configuration based on the design
 199:.\Generated_Source\PSoC4/cyfitter_cfg.c **** *  settings.  This includes settings from the Design Wide Resources (DWR) such
 200:.\Generated_Source\PSoC4/cyfitter_cfg.c **** *  as Clocks and Pins as well as any component configuration that is necessary.
 201:.\Generated_Source\PSoC4/cyfitter_cfg.c **** *
 202:.\Generated_Source\PSoC4/cyfitter_cfg.c **** * Parameters:  
 203:.\Generated_Source\PSoC4/cyfitter_cfg.c **** *   void
 204:.\Generated_Source\PSoC4/cyfitter_cfg.c **** *
 205:.\Generated_Source\PSoC4/cyfitter_cfg.c **** * Return:
 206:.\Generated_Source\PSoC4/cyfitter_cfg.c **** *   void
 207:.\Generated_Source\PSoC4/cyfitter_cfg.c **** *
 208:.\Generated_Source\PSoC4/cyfitter_cfg.c **** *******************************************************************************/
 209:.\Generated_Source\PSoC4/cyfitter_cfg.c **** CY_CFG_SECTION
 210:.\Generated_Source\PSoC4/cyfitter_cfg.c **** void cyfitter_cfg(void)
 211:.\Generated_Source\PSoC4/cyfitter_cfg.c **** {
 118              		.loc 1 211 0
 119              		.cfi_startproc
 120 005c 38B5     		push	{r3, r4, r5, lr}
 121              		.cfi_def_cfa_offset 16
 122              		.cfi_offset 3, -16
 123              		.cfi_offset 4, -12
 124              		.cfi_offset 5, -8
 125              		.cfi_offset 14, -4
 212:.\Generated_Source\PSoC4/cyfitter_cfg.c **** 	/* Disable interrupts by default. Let user enable if/when they want. */
 213:.\Generated_Source\PSoC4/cyfitter_cfg.c **** 	CyGlobalIntDisable;
 126              		.loc 1 213 0
 127              	@ 213 ".\Generated_Source\PSoC4\cyfitter_cfg.c" 1
 128 005e 72B6     		CPSID   i
 129              	@ 0 "" 2
ARM GAS  C:\Users\Admin\AppData\Local\Temp\cca4jEhF.s 			page 7


 130              	.LVL6:
 131              		.code	16
 132              	.LBB2:
 214:.\Generated_Source\PSoC4/cyfitter_cfg.c **** 
 215:.\Generated_Source\PSoC4/cyfitter_cfg.c **** 	{
 216:.\Generated_Source\PSoC4/cyfitter_cfg.c **** 
 217:.\Generated_Source\PSoC4/cyfitter_cfg.c **** 		CYPACKED typedef struct {
 218:.\Generated_Source\PSoC4/cyfitter_cfg.c **** 			void CYFAR *address;
 219:.\Generated_Source\PSoC4/cyfitter_cfg.c **** 			uint16 size;
 220:.\Generated_Source\PSoC4/cyfitter_cfg.c **** 		} CYPACKED_ATTR cfg_memset_t;
 221:.\Generated_Source\PSoC4/cyfitter_cfg.c **** 
 222:.\Generated_Source\PSoC4/cyfitter_cfg.c **** 		static const cfg_memset_t CYCODE cfg_memset_list [] = {
 223:.\Generated_Source\PSoC4/cyfitter_cfg.c **** 			/* address, size */
 224:.\Generated_Source\PSoC4/cyfitter_cfg.c **** 			{(void CYFAR *)(CYDEV_UDB_P0_U0_BASE), 1024u},
 225:.\Generated_Source\PSoC4/cyfitter_cfg.c **** 			{(void CYFAR *)(CYDEV_UDB_DSI0_BASE), 1024u},
 226:.\Generated_Source\PSoC4/cyfitter_cfg.c **** 		};
 227:.\Generated_Source\PSoC4/cyfitter_cfg.c **** 
 228:.\Generated_Source\PSoC4/cyfitter_cfg.c **** 		uint8 CYDATA i;
 229:.\Generated_Source\PSoC4/cyfitter_cfg.c **** 
 230:.\Generated_Source\PSoC4/cyfitter_cfg.c **** 		/* Zero out critical memory blocks before beginning configuration */
 231:.\Generated_Source\PSoC4/cyfitter_cfg.c **** 		for (i = 0u; i < (sizeof(cfg_memset_list)/sizeof(cfg_memset_list[0])); i++)
 133              		.loc 1 231 0
 134 0060 0024     		mov	r4, #0
 135              	.LBB3:
 232:.\Generated_Source\PSoC4/cyfitter_cfg.c **** 		{
 233:.\Generated_Source\PSoC4/cyfitter_cfg.c **** 			const cfg_memset_t CYCODE * CYDATA ms = &cfg_memset_list[i];
 136              		.loc 1 233 0
 137 0062 184D     		ldr	r5, .L8
 138              	.LBE3:
 231:.\Generated_Source\PSoC4/cyfitter_cfg.c **** 		for (i = 0u; i < (sizeof(cfg_memset_list)/sizeof(cfg_memset_list[0])); i++)
 139              		.loc 1 231 0
 140 0064 0CE0     		b	.L6
 141              	.LVL7:
 142              	.L7:
 143              	.LBB4:
 144              		.loc 1 233 0 discriminator 2
 145 0066 6300     		lsl	r3, r4, #1
 146 0068 1B19     		add	r3, r3, r4
 147 006a 5B00     		lsl	r3, r3, #1
 148 006c EB18     		add	r3, r5, r3
 149              	.LVL8:
 234:.\Generated_Source\PSoC4/cyfitter_cfg.c **** 			CYMEMZERO(ms->address, (size_t)(uint32)(ms->size));
 150              		.loc 1 234 0 discriminator 2
 151 006e 9988     		ldrh	r1, [r3, #4]
 152 0070 1A88     		ldrh	r2, [r3]
 153 0072 5888     		ldrh	r0, [r3, #2]
 154 0074 0004     		lsl	r0, r0, #16
 155 0076 1043     		orr	r0, r2
 156 0078 FFF7FEFF 		bl	CYMEMZERO
 157              	.LVL9:
 158              	.LBE4:
 231:.\Generated_Source\PSoC4/cyfitter_cfg.c **** 		for (i = 0u; i < (sizeof(cfg_memset_list)/sizeof(cfg_memset_list[0])); i++)
 159              		.loc 1 231 0 discriminator 2
 160 007c 0134     		add	r4, r4, #1
 161              	.LVL10:
 162 007e E4B2     		uxtb	r4, r4
 163              	.LVL11:
ARM GAS  C:\Users\Admin\AppData\Local\Temp\cca4jEhF.s 			page 8


 164              	.L6:
 231:.\Generated_Source\PSoC4/cyfitter_cfg.c **** 		for (i = 0u; i < (sizeof(cfg_memset_list)/sizeof(cfg_memset_list[0])); i++)
 165              		.loc 1 231 0 is_stmt 0 discriminator 1
 166 0080 012C     		cmp	r4, #1
 167 0082 F0D9     		bls	.L7
 235:.\Generated_Source\PSoC4/cyfitter_cfg.c **** 		}
 236:.\Generated_Source\PSoC4/cyfitter_cfg.c **** 
 237:.\Generated_Source\PSoC4/cyfitter_cfg.c **** 		/* HSIOM Starting address: CYDEV_HSIOM_BASE */
 238:.\Generated_Source\PSoC4/cyfitter_cfg.c **** 		CY_SET_XTND_REG32((void CYFAR *)(CYREG_HSIOM_PORT_SEL3), 0x0000EE00u);
 168              		.loc 1 238 0 is_stmt 1
 169 0084 EE22     		mov	r2, #238
 170 0086 1202     		lsl	r2, r2, #8
 171 0088 0F4B     		ldr	r3, .L8+4
 172 008a 1A60     		str	r2, [r3]
 239:.\Generated_Source\PSoC4/cyfitter_cfg.c **** 
 240:.\Generated_Source\PSoC4/cyfitter_cfg.c **** 		/* UDB_PA_3 Starting address: CYDEV_UDB_PA3_BASE */
 241:.\Generated_Source\PSoC4/cyfitter_cfg.c **** 		CY_SET_XTND_REG32((void CYFAR *)(CYDEV_UDB_PA3_BASE), 0x00990000u);
 173              		.loc 1 241 0
 174 008c 9922     		mov	r2, #153
 175 008e 1204     		lsl	r2, r2, #16
 176 0090 0E4B     		ldr	r3, .L8+8
 177 0092 1A60     		str	r2, [r3]
 242:.\Generated_Source\PSoC4/cyfitter_cfg.c **** 
 243:.\Generated_Source\PSoC4/cyfitter_cfg.c **** 		/* Enable digital routing */
 244:.\Generated_Source\PSoC4/cyfitter_cfg.c **** 		CY_SET_XTND_REG8((void *)CYREG_UDB_UDBIF_BANK_CTL, CY_GET_XTND_REG8((void *)CYREG_UDB_UDBIF_BANK_
 178              		.loc 1 244 0
 179 0094 0E4B     		ldr	r3, .L8+12
 180 0096 1978     		ldrb	r1, [r3]
 181 0098 0222     		mov	r2, #2
 182 009a 0A43     		orr	r2, r1
 183 009c 1A70     		strb	r2, [r3]
 245:.\Generated_Source\PSoC4/cyfitter_cfg.c **** 
 246:.\Generated_Source\PSoC4/cyfitter_cfg.c **** 		/* Enable UDB array */
 247:.\Generated_Source\PSoC4/cyfitter_cfg.c **** 		CY_SET_XTND_REG8((void *)CYREG_UDB_UDBIF_WAIT_CFG, (uint8)((CY_GET_XTND_REG8((void *)CYREG_UDB_UD
 184              		.loc 1 247 0
 185 009e 0D4A     		ldr	r2, .L8+16
 186 00a0 1178     		ldrb	r1, [r2]
 187 00a2 3C20     		mov	r0, #60
 188 00a4 8143     		bic	r1, r0
 189 00a6 1420     		mov	r0, #20
 190 00a8 0143     		orr	r1, r0
 191 00aa 1170     		strb	r1, [r2]
 248:.\Generated_Source\PSoC4/cyfitter_cfg.c **** 		CY_SET_XTND_REG8((void *)CYREG_UDB_UDBIF_BANK_CTL, (uint8)(CY_GET_XTND_REG8((void *)CYREG_UDB_UDB
 192              		.loc 1 248 0
 193 00ac 1978     		ldrb	r1, [r3]
 194 00ae 1622     		mov	r2, #22
 195 00b0 0A43     		orr	r2, r1
 196 00b2 1A70     		strb	r2, [r3]
 197              	.LBE2:
 249:.\Generated_Source\PSoC4/cyfitter_cfg.c **** 	}
 250:.\Generated_Source\PSoC4/cyfitter_cfg.c **** 
 251:.\Generated_Source\PSoC4/cyfitter_cfg.c **** 	/* Perform second pass device configuration. These items must be configured in specific order afte
 252:.\Generated_Source\PSoC4/cyfitter_cfg.c **** 	/* IOPINS0_3 Starting address: CYDEV_PRT3_DR */
 253:.\Generated_Source\PSoC4/cyfitter_cfg.c **** 	CY_SET_XTND_REG32((void CYFAR *)(CYREG_PRT3_PC), 0x00000D80u);
 198              		.loc 1 253 0
 199 00b4 D822     		mov	r2, #216
 200 00b6 1201     		lsl	r2, r2, #4
ARM GAS  C:\Users\Admin\AppData\Local\Temp\cca4jEhF.s 			page 9


 201 00b8 074B     		ldr	r3, .L8+20
 202 00ba 1A60     		str	r2, [r3]
 254:.\Generated_Source\PSoC4/cyfitter_cfg.c **** 
 255:.\Generated_Source\PSoC4/cyfitter_cfg.c **** 	/* Setup clocks based on selections from Clock DWR */
 256:.\Generated_Source\PSoC4/cyfitter_cfg.c **** 	ClockSetup();
 203              		.loc 1 256 0
 204 00bc FFF7A0FF 		bl	ClockSetup
 205              	.LVL12:
 257:.\Generated_Source\PSoC4/cyfitter_cfg.c **** 
 258:.\Generated_Source\PSoC4/cyfitter_cfg.c **** 	/* Perform basic analog initialization to defaults */
 259:.\Generated_Source\PSoC4/cyfitter_cfg.c **** 	AnalogSetDefault();
 260:.\Generated_Source\PSoC4/cyfitter_cfg.c **** 
 261:.\Generated_Source\PSoC4/cyfitter_cfg.c **** }
 206              		.loc 1 261 0
 207              		@ sp needed
 208              	.LVL13:
 209 00c0 38BD     		pop	{r3, r4, r5, pc}
 210              	.L9:
 211 00c2 C046     		.align	2
 212              	.L8:
 213 00c4 00000000 		.word	.LANCHOR0
 214 00c8 0C000140 		.word	1073807372
 215 00cc 30500F40 		.word	1074745392
 216 00d0 00700F40 		.word	1074753536
 217 00d4 01700F40 		.word	1074753537
 218 00d8 08030440 		.word	1074004744
 219              		.cfi_endproc
 220              	.LFE5:
 221              		.size	cyfitter_cfg, .-cyfitter_cfg
 222              		.section	.rodata
 223              		.align	2
 224              		.set	.LANCHOR0,. + 0
 225              		.type	cfg_memset_list.4717, %object
 226              		.size	cfg_memset_list.4717, 12
 227              	cfg_memset_list.4717:
 228 0000 00300F40 		.word	1074737152
 229 0004 0004     		.short	1024
 230 0006 00400F40 		.4byte	1074741248
 231 000a 0004     		.short	1024
 232              		.text
 233              	.Letext0:
 234              		.file 2 "d:\\psoc\\psoc creator\\3.2\\psoc creator\\import\\gnu\\arm\\4.8.4\\lib\\gcc\\arm-none-ea
 235              		.file 3 ".\\Generated_Source\\PSoC4\\cytypes.h"
 236              		.file 4 ".\\Generated_Source\\PSoC4\\CyLib.h"
 237              		.section	.debug_info,"",%progbits
 238              	.Ldebug_info0:
 239 0000 88020000 		.4byte	0x288
 240 0004 0400     		.2byte	0x4
 241 0006 00000000 		.4byte	.Ldebug_abbrev0
 242 000a 04       		.byte	0x4
 243 000b 01       		.uleb128 0x1
 244 000c EB000000 		.4byte	.LASF28
 245 0010 01       		.byte	0x1
 246 0011 81010000 		.4byte	.LASF29
 247 0015 ED010000 		.4byte	.LASF30
 248 0019 18000000 		.4byte	.Ldebug_ranges0+0x18
 249 001d 00000000 		.4byte	0
ARM GAS  C:\Users\Admin\AppData\Local\Temp\cca4jEhF.s 			page 10


 250 0021 00000000 		.4byte	.Ldebug_line0
 251 0025 02       		.uleb128 0x2
 252 0026 04       		.byte	0x4
 253 0027 05       		.byte	0x5
 254 0028 696E7400 		.ascii	"int\000"
 255 002c 03       		.uleb128 0x3
 256 002d 06000000 		.4byte	.LASF11
 257 0031 02       		.byte	0x2
 258 0032 D4       		.byte	0xd4
 259 0033 37000000 		.4byte	0x37
 260 0037 04       		.uleb128 0x4
 261 0038 04       		.byte	0x4
 262 0039 07       		.byte	0x7
 263 003a B2000000 		.4byte	.LASF0
 264 003e 04       		.uleb128 0x4
 265 003f 01       		.byte	0x1
 266 0040 06       		.byte	0x6
 267 0041 24020000 		.4byte	.LASF1
 268 0045 04       		.uleb128 0x4
 269 0046 01       		.byte	0x1
 270 0047 08       		.byte	0x8
 271 0048 7C000000 		.4byte	.LASF2
 272 004c 04       		.uleb128 0x4
 273 004d 02       		.byte	0x2
 274 004e 05       		.byte	0x5
 275 004f C5010000 		.4byte	.LASF3
 276 0053 04       		.uleb128 0x4
 277 0054 02       		.byte	0x2
 278 0055 07       		.byte	0x7
 279 0056 37000000 		.4byte	.LASF4
 280 005a 04       		.uleb128 0x4
 281 005b 04       		.byte	0x4
 282 005c 05       		.byte	0x5
 283 005d E4010000 		.4byte	.LASF5
 284 0061 04       		.uleb128 0x4
 285 0062 04       		.byte	0x4
 286 0063 07       		.byte	0x7
 287 0064 5A000000 		.4byte	.LASF6
 288 0068 04       		.uleb128 0x4
 289 0069 08       		.byte	0x8
 290 006a 05       		.byte	0x5
 291 006b B2010000 		.4byte	.LASF7
 292 006f 04       		.uleb128 0x4
 293 0070 08       		.byte	0x8
 294 0071 07       		.byte	0x7
 295 0072 D4000000 		.4byte	.LASF8
 296 0076 04       		.uleb128 0x4
 297 0077 04       		.byte	0x4
 298 0078 07       		.byte	0x7
 299 0079 A9010000 		.4byte	.LASF9
 300 007d 05       		.uleb128 0x5
 301 007e 04       		.byte	0x4
 302 007f 06       		.uleb128 0x6
 303 0080 04       		.byte	0x4
 304 0081 85000000 		.4byte	0x85
 305 0085 07       		.uleb128 0x7
 306 0086 04       		.uleb128 0x4
ARM GAS  C:\Users\Admin\AppData\Local\Temp\cca4jEhF.s 			page 11


 307 0087 01       		.byte	0x1
 308 0088 08       		.byte	0x8
 309 0089 C0010000 		.4byte	.LASF10
 310 008d 03       		.uleb128 0x3
 311 008e 6C000000 		.4byte	.LASF12
 312 0092 03       		.byte	0x3
 313 0093 B3       		.byte	0xb3
 314 0094 45000000 		.4byte	0x45
 315 0098 03       		.uleb128 0x3
 316 0099 A4000000 		.4byte	.LASF13
 317 009d 03       		.byte	0x3
 318 009e B4       		.byte	0xb4
 319 009f 53000000 		.4byte	0x53
 320 00a3 03       		.uleb128 0x3
 321 00a4 AB000000 		.4byte	.LASF14
 322 00a8 03       		.byte	0x3
 323 00a9 B5       		.byte	0xb5
 324 00aa 61000000 		.4byte	0x61
 325 00ae 04       		.uleb128 0x4
 326 00af 04       		.byte	0x4
 327 00b0 04       		.byte	0x4
 328 00b1 4A000000 		.4byte	.LASF15
 329 00b5 04       		.uleb128 0x4
 330 00b6 08       		.byte	0x8
 331 00b7 04       		.byte	0x4
 332 00b8 91000000 		.4byte	.LASF16
 333 00bc 08       		.uleb128 0x8
 334 00bd 55000000 		.4byte	.LASF17
 335 00c1 03       		.byte	0x3
 336 00c2 5D01     		.2byte	0x15d
 337 00c4 C8000000 		.4byte	0xc8
 338 00c8 09       		.uleb128 0x9
 339 00c9 8D000000 		.4byte	0x8d
 340 00cd 08       		.uleb128 0x8
 341 00ce 00000000 		.4byte	.LASF18
 342 00d2 03       		.byte	0x3
 343 00d3 5F01     		.2byte	0x15f
 344 00d5 D9000000 		.4byte	0xd9
 345 00d9 09       		.uleb128 0x9
 346 00da A3000000 		.4byte	0xa3
 347 00de 08       		.uleb128 0x8
 348 00df 67010000 		.4byte	.LASF19
 349 00e3 03       		.byte	0x3
 350 00e4 6F01     		.2byte	0x16f
 351 00e6 7F000000 		.4byte	0x7f
 352 00ea 0A       		.uleb128 0xa
 353 00eb 72000000 		.4byte	.LASF20
 354 00ef 01       		.byte	0x1
 355 00f0 3B       		.byte	0x3b
 356 00f1 00000000 		.4byte	.LFB0
 357 00f5 0C000000 		.4byte	.LFE0-.LFB0
 358 00f9 01       		.uleb128 0x1
 359 00fa 9C       		.byte	0x9c
 360 00fb 37010000 		.4byte	0x137
 361 00ff 0B       		.uleb128 0xb
 362 0100 7300     		.ascii	"s\000"
 363 0102 01       		.byte	0x1
ARM GAS  C:\Users\Admin\AppData\Local\Temp\cca4jEhF.s 			page 12


 364 0103 3B       		.byte	0x3b
 365 0104 7D000000 		.4byte	0x7d
 366 0108 00000000 		.4byte	.LLST0
 367 010c 0B       		.uleb128 0xb
 368 010d 6E00     		.ascii	"n\000"
 369 010f 01       		.byte	0x1
 370 0110 3B       		.byte	0x3b
 371 0111 2C000000 		.4byte	0x2c
 372 0115 21000000 		.4byte	.LLST1
 373 0119 0C       		.uleb128 0xc
 374 011a 0A000000 		.4byte	.LVL2
 375 011e 36020000 		.4byte	0x236
 376 0122 0D       		.uleb128 0xd
 377 0123 01       		.uleb128 0x1
 378 0124 52       		.byte	0x52
 379 0125 03       		.uleb128 0x3
 380 0126 F3       		.byte	0xf3
 381 0127 01       		.uleb128 0x1
 382 0128 51       		.byte	0x51
 383 0129 0D       		.uleb128 0xd
 384 012a 01       		.uleb128 0x1
 385 012b 51       		.byte	0x51
 386 012c 01       		.uleb128 0x1
 387 012d 30       		.byte	0x30
 388 012e 0D       		.uleb128 0xd
 389 012f 01       		.uleb128 0x1
 390 0130 50       		.byte	0x50
 391 0131 03       		.uleb128 0x3
 392 0132 F3       		.byte	0xf3
 393 0133 01       		.uleb128 0x1
 394 0134 50       		.byte	0x50
 395 0135 00       		.byte	0
 396 0136 00       		.byte	0
 397 0137 0A       		.uleb128 0xa
 398 0138 2C000000 		.4byte	.LASF21
 399 013c 01       		.byte	0x1
 400 013d 90       		.byte	0x90
 401 013e 00000000 		.4byte	.LFB3
 402 0142 5C000000 		.4byte	.LFE3-.LFB3
 403 0146 01       		.uleb128 0x1
 404 0147 9C       		.byte	0x9c
 405 0148 82010000 		.4byte	0x182
 406 014c 0E       		.uleb128 0xe
 407 014d 14000000 		.4byte	.LVL3
 408 0151 53020000 		.4byte	0x253
 409 0155 5F010000 		.4byte	0x15f
 410 0159 0D       		.uleb128 0xd
 411 015a 01       		.uleb128 0x1
 412 015b 50       		.byte	0x50
 413 015c 01       		.uleb128 0x1
 414 015d 48       		.byte	0x48
 415 015e 00       		.byte	0
 416 015f 0E       		.uleb128 0xe
 417 0160 32000000 		.4byte	.LVL4
 418 0164 64020000 		.4byte	0x264
 419 0168 72010000 		.4byte	0x172
 420 016c 0D       		.uleb128 0xd
ARM GAS  C:\Users\Admin\AppData\Local\Temp\cca4jEhF.s 			page 13


 421 016d 01       		.uleb128 0x1
 422 016e 50       		.byte	0x50
 423 016f 01       		.uleb128 0x1
 424 0170 39       		.byte	0x39
 425 0171 00       		.byte	0
 426 0172 0C       		.uleb128 0xc
 427 0173 38000000 		.4byte	.LVL5
 428 0177 7E020000 		.4byte	0x27e
 429 017b 0D       		.uleb128 0xd
 430 017c 01       		.uleb128 0x1
 431 017d 50       		.byte	0x50
 432 017e 01       		.uleb128 0x1
 433 017f 39       		.byte	0x39
 434 0180 00       		.byte	0
 435 0181 00       		.byte	0
 436 0182 0F       		.uleb128 0xf
 437 0183 BF000000 		.4byte	.LASF31
 438 0187 01       		.byte	0x1
 439 0188 D2       		.byte	0xd2
 440 0189 5C000000 		.4byte	.LFB5
 441 018d 80000000 		.4byte	.LFE5-.LFB5
 442 0191 01       		.uleb128 0x1
 443 0192 9C       		.byte	0x9c
 444 0193 36020000 		.4byte	0x236
 445 0197 10       		.uleb128 0x10
 446 0198 60000000 		.4byte	.LBB2
 447 019c 54000000 		.4byte	.LBE2-.LBB2
 448 01a0 2C020000 		.4byte	0x22c
 449 01a4 11       		.uleb128 0x11
 450 01a5 06       		.byte	0x6
 451 01a6 01       		.byte	0x1
 452 01a7 D9       		.byte	0xd9
 453 01a8 C5010000 		.4byte	0x1c5
 454 01ac 12       		.uleb128 0x12
 455 01ad CC000000 		.4byte	.LASF22
 456 01b1 01       		.byte	0x1
 457 01b2 DA       		.byte	0xda
 458 01b3 7D000000 		.4byte	0x7d
 459 01b7 00       		.byte	0
 460 01b8 12       		.uleb128 0x12
 461 01b9 50000000 		.4byte	.LASF23
 462 01bd 01       		.byte	0x1
 463 01be DB       		.byte	0xdb
 464 01bf 98000000 		.4byte	0x98
 465 01c3 04       		.byte	0x4
 466 01c4 00       		.byte	0
 467 01c5 03       		.uleb128 0x3
 468 01c6 74010000 		.4byte	.LASF24
 469 01ca 01       		.byte	0x1
 470 01cb DC       		.byte	0xdc
 471 01cc A4010000 		.4byte	0x1a4
 472 01d0 13       		.uleb128 0x13
 473 01d1 C5010000 		.4byte	0x1c5
 474 01d5 E0010000 		.4byte	0x1e0
 475 01d9 14       		.uleb128 0x14
 476 01da 76000000 		.4byte	0x76
 477 01de 01       		.byte	0x1
ARM GAS  C:\Users\Admin\AppData\Local\Temp\cca4jEhF.s 			page 14


 478 01df 00       		.byte	0
 479 01e0 15       		.uleb128 0x15
 480 01e1 1C000000 		.4byte	.LASF25
 481 01e5 01       		.byte	0x1
 482 01e6 DE       		.byte	0xde
 483 01e7 F1010000 		.4byte	0x1f1
 484 01eb 05       		.uleb128 0x5
 485 01ec 03       		.byte	0x3
 486 01ed 00000000 		.4byte	cfg_memset_list.4717
 487 01f1 16       		.uleb128 0x16
 488 01f2 D0010000 		.4byte	0x1d0
 489 01f6 17       		.uleb128 0x17
 490 01f7 6900     		.ascii	"i\000"
 491 01f9 01       		.byte	0x1
 492 01fa E4       		.byte	0xe4
 493 01fb 8D000000 		.4byte	0x8d
 494 01ff 4D000000 		.4byte	.LLST2
 495 0203 18       		.uleb128 0x18
 496 0204 00000000 		.4byte	.Ldebug_ranges0+0
 497 0208 17       		.uleb128 0x17
 498 0209 6D7300   		.ascii	"ms\000"
 499 020c 01       		.byte	0x1
 500 020d E9       		.byte	0xe9
 501 020e 16020000 		.4byte	0x216
 502 0212 84000000 		.4byte	.LLST3
 503 0216 06       		.uleb128 0x6
 504 0217 04       		.byte	0x4
 505 0218 1C020000 		.4byte	0x21c
 506 021c 16       		.uleb128 0x16
 507 021d C5010000 		.4byte	0x1c5
 508 0221 19       		.uleb128 0x19
 509 0222 7C000000 		.4byte	.LVL9
 510 0226 EA000000 		.4byte	0xea
 511 022a 00       		.byte	0
 512 022b 00       		.byte	0
 513 022c 19       		.uleb128 0x19
 514 022d C0000000 		.4byte	.LVL12
 515 0231 37010000 		.4byte	0x137
 516 0235 00       		.byte	0
 517 0236 1A       		.uleb128 0x1a
 518 0237 8A000000 		.4byte	.LASF26
 519 023b 7D000000 		.4byte	0x7d
 520 023f 53020000 		.4byte	0x253
 521 0243 1B       		.uleb128 0x1b
 522 0244 7D000000 		.4byte	0x7d
 523 0248 1B       		.uleb128 0x1b
 524 0249 25000000 		.4byte	0x25
 525 024d 1B       		.uleb128 0x1b
 526 024e 76000000 		.4byte	0x76
 527 0252 00       		.byte	0
 528 0253 1C       		.uleb128 0x1c
 529 0254 CF010000 		.4byte	.LASF27
 530 0258 04       		.byte	0x4
 531 0259 31       		.byte	0x31
 532 025a 64020000 		.4byte	0x264
 533 025e 1B       		.uleb128 0x1b
 534 025f A3000000 		.4byte	0xa3
ARM GAS  C:\Users\Admin\AppData\Local\Temp\cca4jEhF.s 			page 15


 535 0263 00       		.byte	0
 536 0264 1D       		.uleb128 0x1d
 537 0265 0D000000 		.4byte	.LASF32
 538 0269 04       		.byte	0x4
 539 026a 46       		.byte	0x46
 540 026b DE000000 		.4byte	0xde
 541 026f 7E020000 		.4byte	0x27e
 542 0273 1B       		.uleb128 0x1b
 543 0274 8D000000 		.4byte	0x8d
 544 0278 1B       		.uleb128 0x1b
 545 0279 DE000000 		.4byte	0xde
 546 027d 00       		.byte	0
 547 027e 1E       		.uleb128 0x1e
 548 027f 98000000 		.4byte	.LASF33
 549 0283 04       		.byte	0x4
 550 0284 4C       		.byte	0x4c
 551 0285 1B       		.uleb128 0x1b
 552 0286 8D000000 		.4byte	0x8d
 553 028a 00       		.byte	0
 554 028b 00       		.byte	0
 555              		.section	.debug_abbrev,"",%progbits
 556              	.Ldebug_abbrev0:
 557 0000 01       		.uleb128 0x1
 558 0001 11       		.uleb128 0x11
 559 0002 01       		.byte	0x1
 560 0003 25       		.uleb128 0x25
 561 0004 0E       		.uleb128 0xe
 562 0005 13       		.uleb128 0x13
 563 0006 0B       		.uleb128 0xb
 564 0007 03       		.uleb128 0x3
 565 0008 0E       		.uleb128 0xe
 566 0009 1B       		.uleb128 0x1b
 567 000a 0E       		.uleb128 0xe
 568 000b 55       		.uleb128 0x55
 569 000c 17       		.uleb128 0x17
 570 000d 11       		.uleb128 0x11
 571 000e 01       		.uleb128 0x1
 572 000f 10       		.uleb128 0x10
 573 0010 17       		.uleb128 0x17
 574 0011 00       		.byte	0
 575 0012 00       		.byte	0
 576 0013 02       		.uleb128 0x2
 577 0014 24       		.uleb128 0x24
 578 0015 00       		.byte	0
 579 0016 0B       		.uleb128 0xb
 580 0017 0B       		.uleb128 0xb
 581 0018 3E       		.uleb128 0x3e
 582 0019 0B       		.uleb128 0xb
 583 001a 03       		.uleb128 0x3
 584 001b 08       		.uleb128 0x8
 585 001c 00       		.byte	0
 586 001d 00       		.byte	0
 587 001e 03       		.uleb128 0x3
 588 001f 16       		.uleb128 0x16
 589 0020 00       		.byte	0
 590 0021 03       		.uleb128 0x3
 591 0022 0E       		.uleb128 0xe
ARM GAS  C:\Users\Admin\AppData\Local\Temp\cca4jEhF.s 			page 16


 592 0023 3A       		.uleb128 0x3a
 593 0024 0B       		.uleb128 0xb
 594 0025 3B       		.uleb128 0x3b
 595 0026 0B       		.uleb128 0xb
 596 0027 49       		.uleb128 0x49
 597 0028 13       		.uleb128 0x13
 598 0029 00       		.byte	0
 599 002a 00       		.byte	0
 600 002b 04       		.uleb128 0x4
 601 002c 24       		.uleb128 0x24
 602 002d 00       		.byte	0
 603 002e 0B       		.uleb128 0xb
 604 002f 0B       		.uleb128 0xb
 605 0030 3E       		.uleb128 0x3e
 606 0031 0B       		.uleb128 0xb
 607 0032 03       		.uleb128 0x3
 608 0033 0E       		.uleb128 0xe
 609 0034 00       		.byte	0
 610 0035 00       		.byte	0
 611 0036 05       		.uleb128 0x5
 612 0037 0F       		.uleb128 0xf
 613 0038 00       		.byte	0
 614 0039 0B       		.uleb128 0xb
 615 003a 0B       		.uleb128 0xb
 616 003b 00       		.byte	0
 617 003c 00       		.byte	0
 618 003d 06       		.uleb128 0x6
 619 003e 0F       		.uleb128 0xf
 620 003f 00       		.byte	0
 621 0040 0B       		.uleb128 0xb
 622 0041 0B       		.uleb128 0xb
 623 0042 49       		.uleb128 0x49
 624 0043 13       		.uleb128 0x13
 625 0044 00       		.byte	0
 626 0045 00       		.byte	0
 627 0046 07       		.uleb128 0x7
 628 0047 15       		.uleb128 0x15
 629 0048 00       		.byte	0
 630 0049 27       		.uleb128 0x27
 631 004a 19       		.uleb128 0x19
 632 004b 00       		.byte	0
 633 004c 00       		.byte	0
 634 004d 08       		.uleb128 0x8
 635 004e 16       		.uleb128 0x16
 636 004f 00       		.byte	0
 637 0050 03       		.uleb128 0x3
 638 0051 0E       		.uleb128 0xe
 639 0052 3A       		.uleb128 0x3a
 640 0053 0B       		.uleb128 0xb
 641 0054 3B       		.uleb128 0x3b
 642 0055 05       		.uleb128 0x5
 643 0056 49       		.uleb128 0x49
 644 0057 13       		.uleb128 0x13
 645 0058 00       		.byte	0
 646 0059 00       		.byte	0
 647 005a 09       		.uleb128 0x9
 648 005b 35       		.uleb128 0x35
ARM GAS  C:\Users\Admin\AppData\Local\Temp\cca4jEhF.s 			page 17


 649 005c 00       		.byte	0
 650 005d 49       		.uleb128 0x49
 651 005e 13       		.uleb128 0x13
 652 005f 00       		.byte	0
 653 0060 00       		.byte	0
 654 0061 0A       		.uleb128 0xa
 655 0062 2E       		.uleb128 0x2e
 656 0063 01       		.byte	0x1
 657 0064 03       		.uleb128 0x3
 658 0065 0E       		.uleb128 0xe
 659 0066 3A       		.uleb128 0x3a
 660 0067 0B       		.uleb128 0xb
 661 0068 3B       		.uleb128 0x3b
 662 0069 0B       		.uleb128 0xb
 663 006a 27       		.uleb128 0x27
 664 006b 19       		.uleb128 0x19
 665 006c 11       		.uleb128 0x11
 666 006d 01       		.uleb128 0x1
 667 006e 12       		.uleb128 0x12
 668 006f 06       		.uleb128 0x6
 669 0070 40       		.uleb128 0x40
 670 0071 18       		.uleb128 0x18
 671 0072 9742     		.uleb128 0x2117
 672 0074 19       		.uleb128 0x19
 673 0075 01       		.uleb128 0x1
 674 0076 13       		.uleb128 0x13
 675 0077 00       		.byte	0
 676 0078 00       		.byte	0
 677 0079 0B       		.uleb128 0xb
 678 007a 05       		.uleb128 0x5
 679 007b 00       		.byte	0
 680 007c 03       		.uleb128 0x3
 681 007d 08       		.uleb128 0x8
 682 007e 3A       		.uleb128 0x3a
 683 007f 0B       		.uleb128 0xb
 684 0080 3B       		.uleb128 0x3b
 685 0081 0B       		.uleb128 0xb
 686 0082 49       		.uleb128 0x49
 687 0083 13       		.uleb128 0x13
 688 0084 02       		.uleb128 0x2
 689 0085 17       		.uleb128 0x17
 690 0086 00       		.byte	0
 691 0087 00       		.byte	0
 692 0088 0C       		.uleb128 0xc
 693 0089 898201   		.uleb128 0x4109
 694 008c 01       		.byte	0x1
 695 008d 11       		.uleb128 0x11
 696 008e 01       		.uleb128 0x1
 697 008f 31       		.uleb128 0x31
 698 0090 13       		.uleb128 0x13
 699 0091 00       		.byte	0
 700 0092 00       		.byte	0
 701 0093 0D       		.uleb128 0xd
 702 0094 8A8201   		.uleb128 0x410a
 703 0097 00       		.byte	0
 704 0098 02       		.uleb128 0x2
 705 0099 18       		.uleb128 0x18
ARM GAS  C:\Users\Admin\AppData\Local\Temp\cca4jEhF.s 			page 18


 706 009a 9142     		.uleb128 0x2111
 707 009c 18       		.uleb128 0x18
 708 009d 00       		.byte	0
 709 009e 00       		.byte	0
 710 009f 0E       		.uleb128 0xe
 711 00a0 898201   		.uleb128 0x4109
 712 00a3 01       		.byte	0x1
 713 00a4 11       		.uleb128 0x11
 714 00a5 01       		.uleb128 0x1
 715 00a6 31       		.uleb128 0x31
 716 00a7 13       		.uleb128 0x13
 717 00a8 01       		.uleb128 0x1
 718 00a9 13       		.uleb128 0x13
 719 00aa 00       		.byte	0
 720 00ab 00       		.byte	0
 721 00ac 0F       		.uleb128 0xf
 722 00ad 2E       		.uleb128 0x2e
 723 00ae 01       		.byte	0x1
 724 00af 3F       		.uleb128 0x3f
 725 00b0 19       		.uleb128 0x19
 726 00b1 03       		.uleb128 0x3
 727 00b2 0E       		.uleb128 0xe
 728 00b3 3A       		.uleb128 0x3a
 729 00b4 0B       		.uleb128 0xb
 730 00b5 3B       		.uleb128 0x3b
 731 00b6 0B       		.uleb128 0xb
 732 00b7 27       		.uleb128 0x27
 733 00b8 19       		.uleb128 0x19
 734 00b9 11       		.uleb128 0x11
 735 00ba 01       		.uleb128 0x1
 736 00bb 12       		.uleb128 0x12
 737 00bc 06       		.uleb128 0x6
 738 00bd 40       		.uleb128 0x40
 739 00be 18       		.uleb128 0x18
 740 00bf 9742     		.uleb128 0x2117
 741 00c1 19       		.uleb128 0x19
 742 00c2 01       		.uleb128 0x1
 743 00c3 13       		.uleb128 0x13
 744 00c4 00       		.byte	0
 745 00c5 00       		.byte	0
 746 00c6 10       		.uleb128 0x10
 747 00c7 0B       		.uleb128 0xb
 748 00c8 01       		.byte	0x1
 749 00c9 11       		.uleb128 0x11
 750 00ca 01       		.uleb128 0x1
 751 00cb 12       		.uleb128 0x12
 752 00cc 06       		.uleb128 0x6
 753 00cd 01       		.uleb128 0x1
 754 00ce 13       		.uleb128 0x13
 755 00cf 00       		.byte	0
 756 00d0 00       		.byte	0
 757 00d1 11       		.uleb128 0x11
 758 00d2 13       		.uleb128 0x13
 759 00d3 01       		.byte	0x1
 760 00d4 0B       		.uleb128 0xb
 761 00d5 0B       		.uleb128 0xb
 762 00d6 3A       		.uleb128 0x3a
ARM GAS  C:\Users\Admin\AppData\Local\Temp\cca4jEhF.s 			page 19


 763 00d7 0B       		.uleb128 0xb
 764 00d8 3B       		.uleb128 0x3b
 765 00d9 0B       		.uleb128 0xb
 766 00da 01       		.uleb128 0x1
 767 00db 13       		.uleb128 0x13
 768 00dc 00       		.byte	0
 769 00dd 00       		.byte	0
 770 00de 12       		.uleb128 0x12
 771 00df 0D       		.uleb128 0xd
 772 00e0 00       		.byte	0
 773 00e1 03       		.uleb128 0x3
 774 00e2 0E       		.uleb128 0xe
 775 00e3 3A       		.uleb128 0x3a
 776 00e4 0B       		.uleb128 0xb
 777 00e5 3B       		.uleb128 0x3b
 778 00e6 0B       		.uleb128 0xb
 779 00e7 49       		.uleb128 0x49
 780 00e8 13       		.uleb128 0x13
 781 00e9 38       		.uleb128 0x38
 782 00ea 0B       		.uleb128 0xb
 783 00eb 00       		.byte	0
 784 00ec 00       		.byte	0
 785 00ed 13       		.uleb128 0x13
 786 00ee 01       		.uleb128 0x1
 787 00ef 01       		.byte	0x1
 788 00f0 49       		.uleb128 0x49
 789 00f1 13       		.uleb128 0x13
 790 00f2 01       		.uleb128 0x1
 791 00f3 13       		.uleb128 0x13
 792 00f4 00       		.byte	0
 793 00f5 00       		.byte	0
 794 00f6 14       		.uleb128 0x14
 795 00f7 21       		.uleb128 0x21
 796 00f8 00       		.byte	0
 797 00f9 49       		.uleb128 0x49
 798 00fa 13       		.uleb128 0x13
 799 00fb 2F       		.uleb128 0x2f
 800 00fc 0B       		.uleb128 0xb
 801 00fd 00       		.byte	0
 802 00fe 00       		.byte	0
 803 00ff 15       		.uleb128 0x15
 804 0100 34       		.uleb128 0x34
 805 0101 00       		.byte	0
 806 0102 03       		.uleb128 0x3
 807 0103 0E       		.uleb128 0xe
 808 0104 3A       		.uleb128 0x3a
 809 0105 0B       		.uleb128 0xb
 810 0106 3B       		.uleb128 0x3b
 811 0107 0B       		.uleb128 0xb
 812 0108 49       		.uleb128 0x49
 813 0109 13       		.uleb128 0x13
 814 010a 02       		.uleb128 0x2
 815 010b 18       		.uleb128 0x18
 816 010c 00       		.byte	0
 817 010d 00       		.byte	0
 818 010e 16       		.uleb128 0x16
 819 010f 26       		.uleb128 0x26
ARM GAS  C:\Users\Admin\AppData\Local\Temp\cca4jEhF.s 			page 20


 820 0110 00       		.byte	0
 821 0111 49       		.uleb128 0x49
 822 0112 13       		.uleb128 0x13
 823 0113 00       		.byte	0
 824 0114 00       		.byte	0
 825 0115 17       		.uleb128 0x17
 826 0116 34       		.uleb128 0x34
 827 0117 00       		.byte	0
 828 0118 03       		.uleb128 0x3
 829 0119 08       		.uleb128 0x8
 830 011a 3A       		.uleb128 0x3a
 831 011b 0B       		.uleb128 0xb
 832 011c 3B       		.uleb128 0x3b
 833 011d 0B       		.uleb128 0xb
 834 011e 49       		.uleb128 0x49
 835 011f 13       		.uleb128 0x13
 836 0120 02       		.uleb128 0x2
 837 0121 17       		.uleb128 0x17
 838 0122 00       		.byte	0
 839 0123 00       		.byte	0
 840 0124 18       		.uleb128 0x18
 841 0125 0B       		.uleb128 0xb
 842 0126 01       		.byte	0x1
 843 0127 55       		.uleb128 0x55
 844 0128 17       		.uleb128 0x17
 845 0129 00       		.byte	0
 846 012a 00       		.byte	0
 847 012b 19       		.uleb128 0x19
 848 012c 898201   		.uleb128 0x4109
 849 012f 00       		.byte	0
 850 0130 11       		.uleb128 0x11
 851 0131 01       		.uleb128 0x1
 852 0132 31       		.uleb128 0x31
 853 0133 13       		.uleb128 0x13
 854 0134 00       		.byte	0
 855 0135 00       		.byte	0
 856 0136 1A       		.uleb128 0x1a
 857 0137 2E       		.uleb128 0x2e
 858 0138 01       		.byte	0x1
 859 0139 3F       		.uleb128 0x3f
 860 013a 19       		.uleb128 0x19
 861 013b 03       		.uleb128 0x3
 862 013c 0E       		.uleb128 0xe
 863 013d 27       		.uleb128 0x27
 864 013e 19       		.uleb128 0x19
 865 013f 49       		.uleb128 0x49
 866 0140 13       		.uleb128 0x13
 867 0141 34       		.uleb128 0x34
 868 0142 19       		.uleb128 0x19
 869 0143 3C       		.uleb128 0x3c
 870 0144 19       		.uleb128 0x19
 871 0145 01       		.uleb128 0x1
 872 0146 13       		.uleb128 0x13
 873 0147 00       		.byte	0
 874 0148 00       		.byte	0
 875 0149 1B       		.uleb128 0x1b
 876 014a 05       		.uleb128 0x5
ARM GAS  C:\Users\Admin\AppData\Local\Temp\cca4jEhF.s 			page 21


 877 014b 00       		.byte	0
 878 014c 49       		.uleb128 0x49
 879 014d 13       		.uleb128 0x13
 880 014e 00       		.byte	0
 881 014f 00       		.byte	0
 882 0150 1C       		.uleb128 0x1c
 883 0151 2E       		.uleb128 0x2e
 884 0152 01       		.byte	0x1
 885 0153 3F       		.uleb128 0x3f
 886 0154 19       		.uleb128 0x19
 887 0155 03       		.uleb128 0x3
 888 0156 0E       		.uleb128 0xe
 889 0157 3A       		.uleb128 0x3a
 890 0158 0B       		.uleb128 0xb
 891 0159 3B       		.uleb128 0x3b
 892 015a 0B       		.uleb128 0xb
 893 015b 27       		.uleb128 0x27
 894 015c 19       		.uleb128 0x19
 895 015d 3C       		.uleb128 0x3c
 896 015e 19       		.uleb128 0x19
 897 015f 01       		.uleb128 0x1
 898 0160 13       		.uleb128 0x13
 899 0161 00       		.byte	0
 900 0162 00       		.byte	0
 901 0163 1D       		.uleb128 0x1d
 902 0164 2E       		.uleb128 0x2e
 903 0165 01       		.byte	0x1
 904 0166 3F       		.uleb128 0x3f
 905 0167 19       		.uleb128 0x19
 906 0168 03       		.uleb128 0x3
 907 0169 0E       		.uleb128 0xe
 908 016a 3A       		.uleb128 0x3a
 909 016b 0B       		.uleb128 0xb
 910 016c 3B       		.uleb128 0x3b
 911 016d 0B       		.uleb128 0xb
 912 016e 27       		.uleb128 0x27
 913 016f 19       		.uleb128 0x19
 914 0170 49       		.uleb128 0x49
 915 0171 13       		.uleb128 0x13
 916 0172 3C       		.uleb128 0x3c
 917 0173 19       		.uleb128 0x19
 918 0174 01       		.uleb128 0x1
 919 0175 13       		.uleb128 0x13
 920 0176 00       		.byte	0
 921 0177 00       		.byte	0
 922 0178 1E       		.uleb128 0x1e
 923 0179 2E       		.uleb128 0x2e
 924 017a 01       		.byte	0x1
 925 017b 3F       		.uleb128 0x3f
 926 017c 19       		.uleb128 0x19
 927 017d 03       		.uleb128 0x3
 928 017e 0E       		.uleb128 0xe
 929 017f 3A       		.uleb128 0x3a
 930 0180 0B       		.uleb128 0xb
 931 0181 3B       		.uleb128 0x3b
 932 0182 0B       		.uleb128 0xb
 933 0183 27       		.uleb128 0x27
ARM GAS  C:\Users\Admin\AppData\Local\Temp\cca4jEhF.s 			page 22


 934 0184 19       		.uleb128 0x19
 935 0185 3C       		.uleb128 0x3c
 936 0186 19       		.uleb128 0x19
 937 0187 00       		.byte	0
 938 0188 00       		.byte	0
 939 0189 00       		.byte	0
 940              		.section	.debug_loc,"",%progbits
 941              	.Ldebug_loc0:
 942              	.LLST0:
 943 0000 00000000 		.4byte	.LVL0
 944 0004 09000000 		.4byte	.LVL2-1
 945 0008 0100     		.2byte	0x1
 946 000a 50       		.byte	0x50
 947 000b 09000000 		.4byte	.LVL2-1
 948 000f 0C000000 		.4byte	.LFE0
 949 0013 0400     		.2byte	0x4
 950 0015 F3       		.byte	0xf3
 951 0016 01       		.uleb128 0x1
 952 0017 50       		.byte	0x50
 953 0018 9F       		.byte	0x9f
 954 0019 00000000 		.4byte	0
 955 001d 00000000 		.4byte	0
 956              	.LLST1:
 957 0021 00000000 		.4byte	.LVL0
 958 0025 06000000 		.4byte	.LVL1
 959 0029 0100     		.2byte	0x1
 960 002b 51       		.byte	0x51
 961 002c 06000000 		.4byte	.LVL1
 962 0030 09000000 		.4byte	.LVL2-1
 963 0034 0100     		.2byte	0x1
 964 0036 52       		.byte	0x52
 965 0037 09000000 		.4byte	.LVL2-1
 966 003b 0C000000 		.4byte	.LFE0
 967 003f 0400     		.2byte	0x4
 968 0041 F3       		.byte	0xf3
 969 0042 01       		.uleb128 0x1
 970 0043 51       		.byte	0x51
 971 0044 9F       		.byte	0x9f
 972 0045 00000000 		.4byte	0
 973 0049 00000000 		.4byte	0
 974              	.LLST2:
 975 004d 60000000 		.4byte	.LVL6
 976 0051 66000000 		.4byte	.LVL7
 977 0055 0200     		.2byte	0x2
 978 0057 30       		.byte	0x30
 979 0058 9F       		.byte	0x9f
 980 0059 66000000 		.4byte	.LVL7
 981 005d 7E000000 		.4byte	.LVL10
 982 0061 0100     		.2byte	0x1
 983 0063 54       		.byte	0x54
 984 0064 7E000000 		.4byte	.LVL10
 985 0068 80000000 		.4byte	.LVL11
 986 006c 0300     		.2byte	0x3
 987 006e 74       		.byte	0x74
 988 006f 7F       		.sleb128 -1
 989 0070 9F       		.byte	0x9f
 990 0071 80000000 		.4byte	.LVL11
ARM GAS  C:\Users\Admin\AppData\Local\Temp\cca4jEhF.s 			page 23


 991 0075 C0000000 		.4byte	.LVL13
 992 0079 0100     		.2byte	0x1
 993 007b 54       		.byte	0x54
 994 007c 00000000 		.4byte	0
 995 0080 00000000 		.4byte	0
 996              	.LLST3:
 997 0084 6E000000 		.4byte	.LVL8
 998 0088 7B000000 		.4byte	.LVL9-1
 999 008c 0100     		.2byte	0x1
 1000 008e 53       		.byte	0x53
 1001 008f 7B000000 		.4byte	.LVL9-1
 1002 0093 7E000000 		.4byte	.LVL10
 1003 0097 0D00     		.2byte	0xd
 1004 0099 74       		.byte	0x74
 1005 009a 00       		.sleb128 0
 1006 009b 31       		.byte	0x31
 1007 009c 24       		.byte	0x24
 1008 009d 74       		.byte	0x74
 1009 009e 00       		.sleb128 0
 1010 009f 22       		.byte	0x22
 1011 00a0 31       		.byte	0x31
 1012 00a1 24       		.byte	0x24
 1013 00a2 75       		.byte	0x75
 1014 00a3 00       		.sleb128 0
 1015 00a4 22       		.byte	0x22
 1016 00a5 9F       		.byte	0x9f
 1017 00a6 7E000000 		.4byte	.LVL10
 1018 00aa 80000000 		.4byte	.LVL11
 1019 00ae 0D00     		.2byte	0xd
 1020 00b0 74       		.byte	0x74
 1021 00b1 7F       		.sleb128 -1
 1022 00b2 74       		.byte	0x74
 1023 00b3 7F       		.sleb128 -1
 1024 00b4 31       		.byte	0x31
 1025 00b5 24       		.byte	0x24
 1026 00b6 22       		.byte	0x22
 1027 00b7 31       		.byte	0x31
 1028 00b8 24       		.byte	0x24
 1029 00b9 75       		.byte	0x75
 1030 00ba 00       		.sleb128 0
 1031 00bb 22       		.byte	0x22
 1032 00bc 9F       		.byte	0x9f
 1033 00bd 00000000 		.4byte	0
 1034 00c1 00000000 		.4byte	0
 1035              		.section	.debug_aranges,"",%progbits
 1036 0000 2C000000 		.4byte	0x2c
 1037 0004 0200     		.2byte	0x2
 1038 0006 00000000 		.4byte	.Ldebug_info0
 1039 000a 04       		.byte	0x4
 1040 000b 00       		.byte	0
 1041 000c 0000     		.2byte	0
 1042 000e 0000     		.2byte	0
 1043 0010 00000000 		.4byte	.LFB0
 1044 0014 0C000000 		.4byte	.LFE0-.LFB0
 1045 0018 00000000 		.4byte	.LFB3
 1046 001c 5C000000 		.4byte	.LFE3-.LFB3
 1047 0020 5C000000 		.4byte	.LFB5
ARM GAS  C:\Users\Admin\AppData\Local\Temp\cca4jEhF.s 			page 24


 1048 0024 80000000 		.4byte	.LFE5-.LFB5
 1049 0028 00000000 		.4byte	0
 1050 002c 00000000 		.4byte	0
 1051              		.section	.debug_ranges,"",%progbits
 1052              	.Ldebug_ranges0:
 1053 0000 62000000 		.4byte	.LBB3
 1054 0004 64000000 		.4byte	.LBE3
 1055 0008 66000000 		.4byte	.LBB4
 1056 000c 7C000000 		.4byte	.LBE4
 1057 0010 00000000 		.4byte	0
 1058 0014 00000000 		.4byte	0
 1059 0018 00000000 		.4byte	.LFB0
 1060 001c 0C000000 		.4byte	.LFE0
 1061 0020 00000000 		.4byte	.LFB3
 1062 0024 5C000000 		.4byte	.LFE3
 1063 0028 5C000000 		.4byte	.LFB5
 1064 002c DC000000 		.4byte	.LFE5
 1065 0030 00000000 		.4byte	0
 1066 0034 00000000 		.4byte	0
 1067              		.section	.debug_line,"",%progbits
 1068              	.Ldebug_line0:
 1069 0000 18010000 		.section	.debug_str,"MS",%progbits,1
 1069      0200C100 
 1069      00000201 
 1069      FB0E0D00 
 1069      01010101 
 1070              	.LASF18:
 1071 0000 72656733 		.ascii	"reg32\000"
 1071      3200
 1072              	.LASF11:
 1073 0006 73697A65 		.ascii	"size_t\000"
 1073      5F7400
 1074              	.LASF32:
 1075 000d 4379496E 		.ascii	"CyIntSetVector\000"
 1075      74536574 
 1075      56656374 
 1075      6F7200
 1076              	.LASF25:
 1077 001c 6366675F 		.ascii	"cfg_memset_list\000"
 1077      6D656D73 
 1077      65745F6C 
 1077      69737400 
 1078              	.LASF21:
 1079 002c 436C6F63 		.ascii	"ClockSetup\000"
 1079      6B536574 
 1079      757000
 1080              	.LASF4:
 1081 0037 73686F72 		.ascii	"short unsigned int\000"
 1081      7420756E 
 1081      7369676E 
 1081      65642069 
 1081      6E7400
 1082              	.LASF15:
 1083 004a 666C6F61 		.ascii	"float\000"
 1083      7400
 1084              	.LASF23:
 1085 0050 73697A65 		.ascii	"size\000"
ARM GAS  C:\Users\Admin\AppData\Local\Temp\cca4jEhF.s 			page 25


 1085      00
 1086              	.LASF17:
 1087 0055 72656738 		.ascii	"reg8\000"
 1087      00
 1088              	.LASF6:
 1089 005a 6C6F6E67 		.ascii	"long unsigned int\000"
 1089      20756E73 
 1089      69676E65 
 1089      6420696E 
 1089      7400
 1090              	.LASF12:
 1091 006c 75696E74 		.ascii	"uint8\000"
 1091      3800
 1092              	.LASF20:
 1093 0072 43594D45 		.ascii	"CYMEMZERO\000"
 1093      4D5A4552 
 1093      4F00
 1094              	.LASF2:
 1095 007c 756E7369 		.ascii	"unsigned char\000"
 1095      676E6564 
 1095      20636861 
 1095      7200
 1096              	.LASF26:
 1097 008a 6D656D73 		.ascii	"memset\000"
 1097      657400
 1098              	.LASF16:
 1099 0091 646F7562 		.ascii	"double\000"
 1099      6C6500
 1100              	.LASF33:
 1101 0098 4379496E 		.ascii	"CyIntEnable\000"
 1101      74456E61 
 1101      626C6500 
 1102              	.LASF13:
 1103 00a4 75696E74 		.ascii	"uint16\000"
 1103      313600
 1104              	.LASF14:
 1105 00ab 75696E74 		.ascii	"uint32\000"
 1105      333200
 1106              	.LASF0:
 1107 00b2 756E7369 		.ascii	"unsigned int\000"
 1107      676E6564 
 1107      20696E74 
 1107      00
 1108              	.LASF31:
 1109 00bf 63796669 		.ascii	"cyfitter_cfg\000"
 1109      74746572 
 1109      5F636667 
 1109      00
 1110              	.LASF22:
 1111 00cc 61646472 		.ascii	"address\000"
 1111      65737300 
 1112              	.LASF8:
 1113 00d4 6C6F6E67 		.ascii	"long long unsigned int\000"
 1113      206C6F6E 
 1113      6720756E 
 1113      7369676E 
 1113      65642069 
ARM GAS  C:\Users\Admin\AppData\Local\Temp\cca4jEhF.s 			page 26


 1114              	.LASF28:
 1115 00eb 474E5520 		.ascii	"GNU C 4.8.4 20140526 (release) [ARM/embedded-4_8-br"
 1115      4320342E 
 1115      382E3420 
 1115      32303134 
 1115      30353236 
 1116 011e 616E6368 		.ascii	"anch revision 211358] -mcpu=cortex-m0 -mthumb -g -O"
 1116      20726576 
 1116      6973696F 
 1116      6E203231 
 1116      31333538 
 1117 0151 67202D66 		.ascii	"g -ffunction-sections\000"
 1117      66756E63 
 1117      74696F6E 
 1117      2D736563 
 1117      74696F6E 
 1118              	.LASF19:
 1119 0167 63796973 		.ascii	"cyisraddress\000"
 1119      72616464 
 1119      72657373 
 1119      00
 1120              	.LASF24:
 1121 0174 6366675F 		.ascii	"cfg_memset_t\000"
 1121      6D656D73 
 1121      65745F74 
 1121      00
 1122              	.LASF29:
 1123 0181 2E5C4765 		.ascii	".\\Generated_Source\\PSoC4\\cyfitter_cfg.c\000"
 1123      6E657261 
 1123      7465645F 
 1123      536F7572 
 1123      63655C50 
 1124              	.LASF9:
 1125 01a9 73697A65 		.ascii	"sizetype\000"
 1125      74797065 
 1125      00
 1126              	.LASF7:
 1127 01b2 6C6F6E67 		.ascii	"long long int\000"
 1127      206C6F6E 
 1127      6720696E 
 1127      7400
 1128              	.LASF10:
 1129 01c0 63686172 		.ascii	"char\000"
 1129      00
 1130              	.LASF3:
 1131 01c5 73686F72 		.ascii	"short int\000"
 1131      7420696E 
 1131      7400
 1132              	.LASF27:
 1133 01cf 43795379 		.ascii	"CySysClkWriteImoFreq\000"
 1133      73436C6B 
 1133      57726974 
 1133      65496D6F 
 1133      46726571 
 1134              	.LASF5:
 1135 01e4 6C6F6E67 		.ascii	"long int\000"
 1135      20696E74 
ARM GAS  C:\Users\Admin\AppData\Local\Temp\cca4jEhF.s 			page 27


 1135      00
 1136              	.LASF30:
 1137 01ed 433A5C55 		.ascii	"C:\\Users\\Admin\\Desktop\\(4)SCB_using_UDB\\Design"
 1137      73657273 
 1137      5C41646D 
 1137      696E5C44 
 1137      65736B74 
 1138 021b 30312E63 		.ascii	"01.cydsn\000"
 1138      7964736E 
 1138      00
 1139              	.LASF1:
 1140 0224 7369676E 		.ascii	"signed char\000"
 1140      65642063 
 1140      68617200 
 1141              		.ident	"GCC: (GNU Tools for ARM Embedded Processors) 4.8.4 20140526 (release) [ARM/embedded-4_8-br
